// Jest Snapshot v1, https://goo.gl/fbAQLP

exports[`Check matches the snapshot 1`] = `ShallowWrapper {}`;

exports[`Check styles matches the snapshot 1`] = `
Object {
  "active": Object {
    "& $check": Object {
      "&:after": Object {
        "background": "url(data:image/svg+xml;base64,PHN2ZyB2ZXJzaW9uPSIxLjEiIHhtbG5zPSJodHRwOi8vd3d3LnczLm9yZy8yMDAwL3N2ZyIgeG1sbnM6eGxpbms9Imh0dHA6Ly93d3cudzMub3JnLzE5OTkveGxpbmsiIHg9IjBweCIgeT0iMHB4IgoJCQkgdmlld0JveD0iMCAwIDI0IDI0IiBzdHlsZT0iZW5hYmxlLWJhY2tncm91bmQ6bmV3IDAgMCAyNCAyNDsiIHhtbDpzcGFjZT0icHJlc2VydmUiPgoJCTxwYXRoIGZpbGw9IiNmZmYiIGQ9Ik0xOC4zLDcuM2wxLjQsMS40bC04LjcsOWMtMC40LDAuNC0xLDAuNC0xLjQsMC4xbC00LjMtMy42bDEuMy0xLjVsMy42LDNDMTAuMiwxNS42LDE4LjMsNy4zLDE4LjMsNy4zeiIvPgoJCTwvc3ZnPg==)",
      },
      "background": "#0059CD",
      "borderColor": "rgba(255,255,255,0.2)",
    },
  },
  "check": Object {
    "&:after": Object {
      "content": "\\"\\"",
      "display": "block",
      "height": "18px",
      "left": "0",
      "position": "absolute",
      "top": "0",
      "width": "18px",
    },
    "background": "#fff",
    "border": "1px solid #D3D4DC",
    "borderRadius": "4px",
    "boxSizing": "border-box",
    "flex": "0 0 20px",
    "float": "left",
    "height": "20px",
    "margin": "4px",
    "position": "relative",
    "transition": "0.3s all",
    "width": "20px",
  },
  "cont": Object {
    "&$active": Object {
      "&:hover $check, &:active $check": Object {
        "background": "#083CAE",
      },
    },
    "&:after": Object {
      "clear": "both",
      "content": "\\"\\"",
      "display": "table",
    },
    "&:focus $check": Object {
      "borderWidth": 1,
      "boxShadow": "0 0 0 8px rgba(0,110,255,0.3)",
    },
    "boxSizing": "border-box",
    "cursor": "pointer",
    "display": "flex",
    "height": "24px",
    "marginBottom": "15px",
    "outline": "0",
    "width": "24px",
  },
  "disabled": Object {
    "&$active $check": Object {
      "&:after": Object {
        "background": "url(data:image/svg+xml;base64,PHN2ZyB2ZXJzaW9uPSIxLjEiIHhtbG5zPSJodHRwOi8vd3d3LnczLm9yZy8yMDAwL3N2ZyIgeG1sbnM6eGxpbms9Imh0dHA6Ly93d3cudzMub3JnLzE5OTkveGxpbmsiIHg9IjBweCIgeT0iMHB4IgoJCQkgdmlld0JveD0iMCAwIDI0IDI0IiBzdHlsZT0iZW5hYmxlLWJhY2tncm91bmQ6bmV3IDAgMCAyNCAyNDsiIHhtbDpzcGFjZT0icHJlc2VydmUiPgoJCTxwYXRoIGZpbGw9IiM4REE1REEiIGQ9Ik0xOC4zLDcuM2wxLjQsMS40bC04LjcsOWMtMC40LDAuNC0xLDAuNC0xLjQsMC4xbC00LjMtMy42bDEuMy0xLjVsMy42LDNDMTAuMiwxNS42LDE4LjMsNy4zLDE4LjMsNy4zeiIvPgoJCTwvc3ZnPg==)",
      },
      "background": "hsl(221 91.2% 35.7% / 0.1)",
      "borderColor": "rgba(255,255,255,0.2)",
    },
    "&:not($active) $check": Object {
      "background": "#EDEDF1",
      "borderColor": "#D3D4DC",
    },
    "pointerEvents": "none",
  },
  "label": Object {
    "color": undefined,
    "flex": "1",
    "float": "left",
    "fontFamily": "'OccText', sans-serif",
    "fontSize": "16px",
    "paddingLeft": "5px",
    "paddingRight": "10px",
    "paddingTop": "3px",
    "transition": "0.3s all",
  },
  "right": Object {
    "color": undefined,
    "extend": "label",
    "flex": "none",
    "float": "right",
    "fontSize": "14px",
    "paddingRight": "0",
  },
}
`;

exports[`CheckJSS matches the snapshot 1`] = `ShallowWrapper {}`;
