// Jest Snapshot v1, https://goo.gl/fbAQLP

exports[`AvatarContent matches the snapshot 1`] = `ShallowWrapper {}`;

exports[`AvatarContent styles matches the snapshot 1`] = `
Object {
  "camera": Object {
    "gridColumnStart": 1,
    "gridRowStart": 1,
    "opacity": 0,
    "transition": "all cubic-bezier(0.25,0.46,0.45,0.94) 0.2s",
  },
  "clickable": Object {
    "&:active": Object {
      "background": "#ABBDE4",
    },
    "&:hover": Object {
      "background": "#CAD5EE",
    },
    "transition": "all cubic-bezier(0.25,0.46,0.45,0.94) 0.2s",
  },
  "cont": Object {
    "alignItems": "center",
    "background": "#E9EEF8",
    "borderRadius": "9999px",
    "display": "grid",
    "height": "100%",
    "justifyContent": "center",
    "left": "0",
    "overflow": "hidden",
    "position": "absolute",
    "top": "0",
    "width": "100%",
  },
  "disabled": Object {
    "& $camera": Object {
      "opacity": 1,
    },
    "background": "#EDEDF1",
    "pointerEvents": "none",
  },
  "disabledInitials": Object {
    "color": "#878A9F",
  },
  "editable": Object {
    "&:active $overlay": Object {
      "background": "rgba(8, 13, 57, 0.4)",
    },
    "&:hover $camera": Object {
      "opacity": 1,
    },
    "&:hover $overlay": Object {
      "background": "rgba(8, 13, 57, 0.3)",
    },
  },
  "hoverPhoto": Object {
    "&:active $overlay": Object {
      "background": "rgba(8, 13, 57, 0.4)",
    },
    "&:hover $overlay": Object {
      "background": "rgba(8, 13, 57, 0.3)",
    },
  },
  "initials": Object {
    "color": "#083CAE",
    "display": "inline-block",
    "font": "400 16px/1.5 'OccText', sans-serif",
    "gridColumnStart": "1",
    "gridRowStart": "1",
    "textAlign": "center",
  },
  "overlay": Object {
    "alignItems": "center",
    "border": "1px solid transparent",
    "borderRadius": "50%",
    "display": "grid",
    "height": "100%",
    "justifyContent": "center",
    "left": "0",
    "position": "absolute",
    "top": "0",
    "transition": "all cubic-bezier(0.25,0.46,0.45,0.94) 0.2s",
    "width": "100%",
  },
  "person": Object {
    "gridColumnStart": 1,
    "gridRowStart": 1,
    "transition": "all cubic-bezier(0.25,0.46,0.45,0.94) 0.2s",
  },
  "photo": Object {
    "border": "1px solid #EDEDF1",
  },
  "wrap": Object {
    "height": "100%",
    "position": "relative",
    "width": "100%",
  },
}
`;

exports[`AvatarContentJSS matches the snapshot 1`] = `ShallowWrapper {}`;
