// Jest Snapshot v1, https://goo.gl/fbAQLP

exports[`WindowSize matches the snapshot 1`] = `
ShallowWrapper {
  Symbol(enzyme.__root__): [Circular],
  Symbol(enzyme.__unrendered__): <WindowSize />,
  Symbol(enzyme.__renderer__): Object {
    "batchedUpdates": [Function],
    "checkPropTypes": [Function],
    "getNode": [Function],
    "render": [Function],
    "simulateError": [Function],
    "simulateEvent": [Function],
    "unmount": [Function],
  },
  Symbol(enzyme.__node__): Object {
    "instance": null,
    "key": undefined,
    "nodeType": "function",
    "props": Object {
      "size": "md",
      "winWidth": 1024,
    },
    "ref": null,
    "rendered": null,
    "type": <Jss(Button)
      block={false}
      disabled={false}
      size="sm"
      theme="primary"
    >
      Button
    </Jss(Button)>,
  },
  Symbol(enzyme.__nodes__): Array [
    Object {
      "instance": null,
      "key": undefined,
      "nodeType": "function",
      "props": Object {
        "size": "md",
        "winWidth": 1024,
      },
      "ref": null,
      "rendered": null,
      "type": <Jss(Button)
        block={false}
        disabled={false}
        size="sm"
        theme="primary"
      >
        Button
      </Jss(Button)>,
    },
  ],
  Symbol(enzyme.__options__): Object {
    "adapter": ReactSixteenAdapter {
      "options": Object {
        "enableComponentDidUpdateOnSetState": true,
        "legacyContextMode": "parent",
        "lifecycles": Object {
          "componentDidUpdate": Object {
            "onSetState": true,
          },
          "getChildContext": Object {
            "calledByRenderer": false,
          },
          "getDerivedStateFromError": true,
          "getDerivedStateFromProps": Object {
            "hasShouldComponentUpdateBug": false,
          },
          "getSnapshotBeforeUpdate": true,
          "setState": Object {
            "skipsComponentDidUpdateOnNullish": true,
          },
        },
      },
    },
  },
  Symbol(enzyme.__childContext__): null,
}
`;
