// Jest Snapshot v1, https://goo.gl/fbAQLP

exports[`Break matches the snapshot 1`] = `ShallowWrapper {}`;

exports[`Break styles matches the snapshot 1`] = `
Object {
  "li": Object {
    "display": "inline-block",
  },
}
`;

exports[`BreakJSS matches the snapshot 1`] = `ShallowWrapper {}`;
