// Jest Snapshot v1, https://goo.gl/fbAQLP

exports[`Header matches the snapshot 1`] = `
ShallowWrapper {
  Symbol(enzyme.__root__): [Circular],
  Symbol(enzyme.__unrendered__): <Header
    classes={
      Object {
        "@media (max-width: 767px)": "@media (max-width: 767px)",
        "@media (min-width: 1200px)": "@media (min-width: 1200px)",
        "bubble": "bubble",
        "content": "content",
        "master": "master",
        "messages": "messages",
        "navbar": "navbar",
        "separate": "separate",
        "shadow": "shadow",
        "title": "title",
        "user": "user",
      }
    }
    messagesIcon={Object {}}
  />,
  Symbol(enzyme.__renderer__): Object {
    "batchedUpdates": [Function],
    "getNode": [Function],
    "render": [Function],
    "simulateError": [Function],
    "simulateEvent": [Function],
    "unmount": [Function],
  },
  Symbol(enzyme.__node__): Object {
    "instance": null,
    "key": undefined,
    "nodeType": "host",
    "props": Object {
      "children": Array [
        <div
          className="master shadow"
        >
          <div
            className="content"
          >
            <Jss(Hidden)
              xs={true}
            />
            <Visible
              xs={true}
            >
              <div
                className="title"
              />
            </Visible>
            <div
              className="user"
            />
            <Jss(Hidden)
              xs={true}
            />
          </div>
        </div>,
        <Visible
          xs={true}
        >
          <div
            className="separate"
          >
            <Waypoint
              bottomOffset="0px"
              fireOnRapidScroll={true}
              horizontal={false}
              onEnter={[Function]}
              onLeave={[Function]}
              onPositionChange={[Function]}
              topOffset={60}
            >
              <div
                className=""
              />
            </Waypoint>
          </div>
        </Visible>,
      ],
      "className": "navbar",
      "id": "mainNav",
    },
    "ref": null,
    "rendered": Array [
      Object {
        "instance": null,
        "key": undefined,
        "nodeType": "host",
        "props": Object {
          "children": <div
            className="content"
          >
            <Jss(Hidden)
              xs={true}
            />
            <Visible
              xs={true}
            >
              <div
                className="title"
              />
            </Visible>
            <div
              className="user"
            />
            <Jss(Hidden)
              xs={true}
            />
          </div>,
          "className": "master shadow",
        },
        "ref": null,
        "rendered": Object {
          "instance": null,
          "key": undefined,
          "nodeType": "host",
          "props": Object {
            "children": Array [
              <Jss(Hidden)
                xs={true}
              />,
              <Visible
                xs={true}
              >
                <div
                  className="title"
                />
              </Visible>,
              <div
                className="user"
              />,
              <Jss(Hidden)
                xs={true}
              />,
            ],
            "className": "content",
          },
          "ref": null,
          "rendered": Array [
            Object {
              "instance": null,
              "key": undefined,
              "nodeType": "class",
              "props": Object {
                "children": undefined,
                "xs": true,
              },
              "ref": null,
              "rendered": null,
              "type": [Function],
            },
            Object {
              "instance": null,
              "key": undefined,
              "nodeType": "class",
              "props": Object {
                "children": <div
                  className="title"
                />,
                "xs": true,
              },
              "ref": null,
              "rendered": Object {
                "instance": null,
                "key": undefined,
                "nodeType": "host",
                "props": Object {
                  "children": undefined,
                  "className": "title",
                },
                "ref": null,
                "rendered": null,
                "type": "div",
              },
              "type": [Function],
            },
            Object {
              "instance": null,
              "key": undefined,
              "nodeType": "host",
              "props": Object {
                "children": Array [
                  false,
                  undefined,
                ],
                "className": "user",
              },
              "ref": null,
              "rendered": Array [
                false,
                undefined,
              ],
              "type": "div",
            },
            Object {
              "instance": null,
              "key": undefined,
              "nodeType": "class",
              "props": Object {
                "children": undefined,
                "xs": true,
              },
              "ref": null,
              "rendered": null,
              "type": [Function],
            },
          ],
          "type": "div",
        },
        "type": "div",
      },
      Object {
        "instance": null,
        "key": undefined,
        "nodeType": "class",
        "props": Object {
          "children": <div
            className="separate"
          >
            <Waypoint
              bottomOffset="0px"
              fireOnRapidScroll={true}
              horizontal={false}
              onEnter={[Function]}
              onLeave={[Function]}
              onPositionChange={[Function]}
              topOffset={60}
            >
              <div
                className=""
              />
            </Waypoint>
          </div>,
          "xs": true,
        },
        "ref": null,
        "rendered": Object {
          "instance": null,
          "key": undefined,
          "nodeType": "host",
          "props": Object {
            "children": <Waypoint
              bottomOffset="0px"
              fireOnRapidScroll={true}
              horizontal={false}
              onEnter={[Function]}
              onLeave={[Function]}
              onPositionChange={[Function]}
              topOffset={60}
            >
              <div
                className=""
              />
            </Waypoint>,
            "className": "separate",
          },
          "ref": null,
          "rendered": Object {
            "instance": null,
            "key": undefined,
            "nodeType": "class",
            "props": Object {
              "bottomOffset": "0px",
              "children": <div
                className=""
              />,
              "fireOnRapidScroll": true,
              "horizontal": false,
              "onEnter": [Function],
              "onLeave": [Function],
              "onPositionChange": [Function],
              "topOffset": 60,
            },
            "ref": null,
            "rendered": Object {
              "instance": null,
              "key": undefined,
              "nodeType": "host",
              "props": Object {
                "children": undefined,
                "className": "",
              },
              "ref": null,
              "rendered": null,
              "type": "div",
            },
            "type": [Function],
          },
          "type": "div",
        },
        "type": [Function],
      },
    ],
    "type": "div",
  },
  Symbol(enzyme.__nodes__): Array [
    Object {
      "instance": null,
      "key": undefined,
      "nodeType": "host",
      "props": Object {
        "children": Array [
          <div
            className="master shadow"
          >
            <div
              className="content"
            >
              <Jss(Hidden)
                xs={true}
              />
              <Visible
                xs={true}
              >
                <div
                  className="title"
                />
              </Visible>
              <div
                className="user"
              />
              <Jss(Hidden)
                xs={true}
              />
            </div>
          </div>,
          <Visible
            xs={true}
          >
            <div
              className="separate"
            >
              <Waypoint
                bottomOffset="0px"
                fireOnRapidScroll={true}
                horizontal={false}
                onEnter={[Function]}
                onLeave={[Function]}
                onPositionChange={[Function]}
                topOffset={60}
              >
                <div
                  className=""
                />
              </Waypoint>
            </div>
          </Visible>,
        ],
        "className": "navbar",
        "id": "mainNav",
      },
      "ref": null,
      "rendered": Array [
        Object {
          "instance": null,
          "key": undefined,
          "nodeType": "host",
          "props": Object {
            "children": <div
              className="content"
            >
              <Jss(Hidden)
                xs={true}
              />
              <Visible
                xs={true}
              >
                <div
                  className="title"
                />
              </Visible>
              <div
                className="user"
              />
              <Jss(Hidden)
                xs={true}
              />
            </div>,
            "className": "master shadow",
          },
          "ref": null,
          "rendered": Object {
            "instance": null,
            "key": undefined,
            "nodeType": "host",
            "props": Object {
              "children": Array [
                <Jss(Hidden)
                  xs={true}
                />,
                <Visible
                  xs={true}
                >
                  <div
                    className="title"
                  />
                </Visible>,
                <div
                  className="user"
                />,
                <Jss(Hidden)
                  xs={true}
                />,
              ],
              "className": "content",
            },
            "ref": null,
            "rendered": Array [
              Object {
                "instance": null,
                "key": undefined,
                "nodeType": "class",
                "props": Object {
                  "children": undefined,
                  "xs": true,
                },
                "ref": null,
                "rendered": null,
                "type": [Function],
              },
              Object {
                "instance": null,
                "key": undefined,
                "nodeType": "class",
                "props": Object {
                  "children": <div
                    className="title"
                  />,
                  "xs": true,
                },
                "ref": null,
                "rendered": Object {
                  "instance": null,
                  "key": undefined,
                  "nodeType": "host",
                  "props": Object {
                    "children": undefined,
                    "className": "title",
                  },
                  "ref": null,
                  "rendered": null,
                  "type": "div",
                },
                "type": [Function],
              },
              Object {
                "instance": null,
                "key": undefined,
                "nodeType": "host",
                "props": Object {
                  "children": Array [
                    false,
                    undefined,
                  ],
                  "className": "user",
                },
                "ref": null,
                "rendered": Array [
                  false,
                  undefined,
                ],
                "type": "div",
              },
              Object {
                "instance": null,
                "key": undefined,
                "nodeType": "class",
                "props": Object {
                  "children": undefined,
                  "xs": true,
                },
                "ref": null,
                "rendered": null,
                "type": [Function],
              },
            ],
            "type": "div",
          },
          "type": "div",
        },
        Object {
          "instance": null,
          "key": undefined,
          "nodeType": "class",
          "props": Object {
            "children": <div
              className="separate"
            >
              <Waypoint
                bottomOffset="0px"
                fireOnRapidScroll={true}
                horizontal={false}
                onEnter={[Function]}
                onLeave={[Function]}
                onPositionChange={[Function]}
                topOffset={60}
              >
                <div
                  className=""
                />
              </Waypoint>
            </div>,
            "xs": true,
          },
          "ref": null,
          "rendered": Object {
            "instance": null,
            "key": undefined,
            "nodeType": "host",
            "props": Object {
              "children": <Waypoint
                bottomOffset="0px"
                fireOnRapidScroll={true}
                horizontal={false}
                onEnter={[Function]}
                onLeave={[Function]}
                onPositionChange={[Function]}
                topOffset={60}
              >
                <div
                  className=""
                />
              </Waypoint>,
              "className": "separate",
            },
            "ref": null,
            "rendered": Object {
              "instance": null,
              "key": undefined,
              "nodeType": "class",
              "props": Object {
                "bottomOffset": "0px",
                "children": <div
                  className=""
                />,
                "fireOnRapidScroll": true,
                "horizontal": false,
                "onEnter": [Function],
                "onLeave": [Function],
                "onPositionChange": [Function],
                "topOffset": 60,
              },
              "ref": null,
              "rendered": Object {
                "instance": null,
                "key": undefined,
                "nodeType": "host",
                "props": Object {
                  "children": undefined,
                  "className": "",
                },
                "ref": null,
                "rendered": null,
                "type": "div",
              },
              "type": [Function],
            },
            "type": "div",
          },
          "type": [Function],
        },
      ],
      "type": "div",
    },
  ],
  Symbol(enzyme.__options__): Object {
    "adapter": ReactSixteenAdapter {
      "options": Object {
        "enableComponentDidUpdateOnSetState": true,
        "lifecycles": Object {
          "componentDidUpdate": Object {
            "onSetState": true,
          },
          "getDerivedStateFromProps": true,
          "getSnapshotBeforeUpdate": true,
          "setState": Object {
            "skipsComponentDidUpdateOnNullish": true,
          },
        },
      },
    },
  },
}
`;

exports[`Header styles matches the snapshot 1`] = `
Object {
  "@media (max-width: 767px)": Object {
    "content": Object {
      "borderTop": "1px solid transparent",
    },
    "master": Object {
      "boxShadow": "none",
      "left": "0",
      "position": "fixed",
      "top": "0",
      "width": "100%",
      "zIndex": "10",
    },
  },
  "@media (min-width: 1200px)": Object {
    "master": Object {
      "padding": "0 45px 0 45px",
    },
  },
  "bubble": Object {
    "background": "url(data:image/svg+xml;base64,PHN2ZyB2ZXJzaW9uPSIxLjEiIHhtbG5zPSJodHRwOi8vd3d3LnczLm9yZy8yMDAwL3N2ZyIgeG1sbnM6eGxpbms9Imh0dHA6Ly93d3cudzMub3JnLzE5OTkveGxpbmsiIHg9IjBweCIgeT0iMHB4IgogICAgICAgICAgICAJIHZpZXdCb3g9IjAgMCA1MCA0MS45IiBzdHlsZT0iZW5hYmxlLWJhY2tncm91bmQ6bmV3IDAgMCA1MCA0MS45OyIgeG1sOnNwYWNlPSJwcmVzZXJ2ZSI+CiAgICAgICAgICAgIDxwYXRoIGZpbGw9IiNERkVERkYiIGQ9Ik0yNSwwQzExLjIsMCwwLDkuMSwwLDIwLjNjMCw0LDEuNSw3LjgsNCwxMC45YzAuMywwLjQsMSwxLDAuOCwxLjhjLTAuMSwwLjUtMi4zLDcuNi0yLjMsNy42CiAgICAgICAgICAgIAljLTAuMiwwLjYsMC4yLDEuMywxLDEuM2MwLjYsMCwxLTAuMiwxLTAuMnM3LjQtMyw3LjgtMy4yYzEtMC41LDIuNC0wLjEsMywwLjFjMywxLDYuMywxLjQsOS44LDEuNEMzOC45LDQwLDUwLDMxLjYsNTAsMjAuNAogICAgICAgICAgICAJQzUwLDkuMSwzOC44LDAsMjUsMHoiLz4KICAgICAgICAgICAgPC9zdmc+)",
    "display": "block",
    "height": "25px",
    "width": "25px",
  },
  "content": Object {
    "borderBottom": "1px solid transparent",
    "boxShadow": "0px 0px 0px 0px rgba(0, 0, 0, 0.75)",
  },
  "master": Object {
    "backgroundColor": "#1476fb",
    "boxShadow": "0 6px 5px -3px rgba(0,0,0,0.12), 0 6px 18px 0 rgba(0,29,124,0.08)",
    "minHeight": "60px",
    "padding": "0 15px 0 15px",
  },
  "messages": Object {
    "cursor": "pointer",
    "display": "inline-flex",
    "outline": "0",
    "transform": "translateY(30%)",
  },
  "navbar": Object {
    "border": "none",
    "fontFamily": "'HK Grotesk', sans-serif",
    "position": "relative",
    "zIndex": "9",
  },
  "separate": Object {
    "marginTop": "60px",
    "position": "relative",
    "zIndex": "9",
  },
  "shadow": Object {
    "boxShadow": "0 6px 5px -3px rgba(0,0,0,0.12), 0 6px 18px 0 rgba(0,29,124,0.08) !important",
  },
  "title": Object {
    "color": "#ffffff",
    "float": "left",
    "fontSize": "16px",
    "overflow": "hidden",
    "paddingBottom": "5px",
    "paddingTop": "17px",
    "textOverflow": "ellipsis",
    "whiteSpace": "nowrap",
    "width": "calc(100% - 150px)",
  },
  "user": Object {
    "float": "right !important",
    "paddingTop": "9px",
  },
}
`;

exports[`HeaderJSS matches the snapshot 1`] = `
ShallowWrapper {
  Symbol(enzyme.__root__): [Circular],
  Symbol(enzyme.__unrendered__): <Jss(Header)
    messagesIcon={Object {}}
  />,
  Symbol(enzyme.__renderer__): Object {
    "batchedUpdates": [Function],
    "getNode": [Function],
    "render": [Function],
    "simulateError": [Function],
    "simulateEvent": [Function],
    "unmount": [Function],
  },
  Symbol(enzyme.__node__): Object {
    "instance": null,
    "key": undefined,
    "nodeType": "class",
    "props": Object {
      "classes": Object {
        "bubble": "Header-bubble-0-1-12",
        "content": "Header-content-0-1-8",
        "master": "Header-master-0-1-7",
        "messages": "Header-messages-0-1-11",
        "navbar": "Header-navbar-0-1-5",
        "separate": "Header-separate-0-1-13",
        "shadow": "Header-shadow-0-1-6",
        "title": "Header-title-0-1-9",
        "user": "Header-user-0-1-10",
      },
      "messagesIcon": Object {},
    },
    "ref": null,
    "rendered": null,
    "type": [Function],
  },
  Symbol(enzyme.__nodes__): Array [
    Object {
      "instance": null,
      "key": undefined,
      "nodeType": "class",
      "props": Object {
        "classes": Object {
          "bubble": "Header-bubble-0-1-12",
          "content": "Header-content-0-1-8",
          "master": "Header-master-0-1-7",
          "messages": "Header-messages-0-1-11",
          "navbar": "Header-navbar-0-1-5",
          "separate": "Header-separate-0-1-13",
          "shadow": "Header-shadow-0-1-6",
          "title": "Header-title-0-1-9",
          "user": "Header-user-0-1-10",
        },
        "messagesIcon": Object {},
      },
      "ref": null,
      "rendered": null,
      "type": [Function],
    },
  ],
  Symbol(enzyme.__options__): Object {
    "adapter": ReactSixteenAdapter {
      "options": Object {
        "enableComponentDidUpdateOnSetState": true,
        "lifecycles": Object {
          "componentDidUpdate": Object {
            "onSetState": true,
          },
          "getDerivedStateFromProps": true,
          "getSnapshotBeforeUpdate": true,
          "setState": Object {
            "skipsComponentDidUpdateOnNullish": true,
          },
        },
      },
    },
  },
}
`;
