// Jest Snapshot v1, https://goo.gl/fbAQLP

exports[`Toaster launches a toast 1`] = `"<div class=\\"container\\"><div class=\\"Toast-toast-0-1-1 Toast-success-0-1-3\\"><div class=\\"Flexbox-flex-0-1-12 Toast-content-0-1-7\\"><div class=\\"Flexbox-flex-0-1-12 Flexbox-acenter-0-1-29\\"><div class=\\"\\"><p class=\\"Text-text-0-1-44 Text-subheading-0-1-48 Text-white-0-1-61\\">Title</p></div></div></div></div></div>"`;

exports[`Toaster matches the snapshot 1`] = `"<div class=\\"container\\"></div>"`;
