// Jest Snapshot v1, https://goo.gl/fbAQLP

exports[`Hidden matches the snapshot 1`] = `ShallowWrapper {}`;
