// Jest Snapshot v1, https://goo.gl/fbAQLP

exports[`Avatar matches the snapshot 1`] = `ShallowWrapper {}`;

exports[`Avatar styles matches the snapshot 1`] = `
Object {
  "circle": Object {
    "borderRadius": "50%",
    "height": [Function],
    "overflow": "hidden",
    "position": "relative",
    "width": [Function],
  },
}
`;

exports[`AvatarJSS matches the snapshot 1`] = `ShallowWrapper {}`;
