// Jest Snapshot v1, https://goo.gl/fbAQLP

exports[`SightLogo matches the snapshot 1`] = `
ShallowWrapper {
  Symbol(enzyme.__root__): [Circular],
  Symbol(enzyme.__unrendered__): <SightLogo
    classes={
      Object {
        "container": "container",
        "logo": "logo",
      }
    }
  />,
  Symbol(enzyme.__renderer__): Object {
    "batchedUpdates": [Function],
    "getNode": [Function],
    "render": [Function],
    "simulateError": [Function],
    "simulateEvent": [Function],
    "unmount": [Function],
  },
  Symbol(enzyme.__node__): Object {
    "instance": null,
    "key": undefined,
    "nodeType": "host",
    "props": Object {
      "children": <i
        className="logo"
      />,
      "className": "container",
      "id": undefined,
      "style": undefined,
    },
    "ref": null,
    "rendered": Object {
      "instance": null,
      "key": undefined,
      "nodeType": "host",
      "props": Object {
        "className": "logo",
      },
      "ref": null,
      "rendered": null,
      "type": "i",
    },
    "type": "div",
  },
  Symbol(enzyme.__nodes__): Array [
    Object {
      "instance": null,
      "key": undefined,
      "nodeType": "host",
      "props": Object {
        "children": <i
          className="logo"
        />,
        "className": "container",
        "id": undefined,
        "style": undefined,
      },
      "ref": null,
      "rendered": Object {
        "instance": null,
        "key": undefined,
        "nodeType": "host",
        "props": Object {
          "className": "logo",
        },
        "ref": null,
        "rendered": null,
        "type": "i",
      },
      "type": "div",
    },
  ],
  Symbol(enzyme.__options__): Object {
    "adapter": ReactSixteenAdapter {
      "options": Object {
        "enableComponentDidUpdateOnSetState": true,
        "lifecycles": Object {
          "componentDidUpdate": Object {
            "onSetState": true,
          },
          "getDerivedStateFromProps": true,
          "getSnapshotBeforeUpdate": true,
          "setState": Object {
            "skipsComponentDidUpdateOnNullish": true,
          },
        },
      },
    },
  },
}
`;

exports[`SightLogo styles matches the snapshot 1`] = `
Object {
  "container": Object {
    "float": "left !important",
    "marginRight": "15px",
    "padding": "10px 0 0",
  },
  "logo": Object {
    "background": "url(data:image/svg+xml;base64,PHN2ZyB2ZXJzaW9uPSIxLjEiIHhtbG5zPSJodHRwOi8vd3d3LnczLm9yZy8yMDAwL3N2ZyIgeG1sbnM6eGxpbms9Imh0dHA6Ly93d3cudzMub3JnLzE5OTkveGxpbmsiIHg9IjBweCIgeT0iMHB4IgogICAgICAgICAgICAJIHZpZXdCb3g9IjAgMCA3NC4yIDMzLjMiIHN0eWxlPSJlbmFibGUtYmFja2dyb3VuZDpuZXcgMCAwIDc0LjIgMzMuMzsiIHhtbDpzcGFjZT0icHJlc2VydmUiPgogICAgICAgICAgICA8cGF0aCBmaWxsPSIjRkZGRkZGIiBkPSJNMS41LDI0LjFsMC43LTEuNmMxLjYsMC44LDMuMiwxLjIsNC42LDEuMnMyLjYtMC4yLDMuNC0wLjdjMC44LTAuNSwxLjItMS4yLDEuMi0yLjFjMC0xLjMtMS41LTIuNi00LjYtMy42CiAgICAgICAgICAgIAljLTEuNi0wLjUtMy0xLjItNC0xLjljLTEtMC44LTEuNS0xLjgtMS41LTNDMS4zLDEwLjksMS45LDkuOCwzLDljMS4xLTEsMi42LTEuNCw0LjYtMS40YzAuOCwwLDEuNywwLjEsMi43LDAuNHMxLjgsMC42LDIuNCwxCiAgICAgICAgICAgIAlMMTIsMTAuNWMtMC43LTAuMy0xLjQtMC42LTIuMS0wLjlDOS4yLDkuNSw4LjQsOS40LDcuNSw5LjRjLTEuMiwwLTIuMiwwLjMtMi45LDAuOGMtMC44LDAuNS0xLjIsMS4yLTEuMiwyYzAsMC43LDAuNCwxLjMsMS4yLDEuOAogICAgICAgICAgICAJczEuOCwxLDMuMiwxLjRjMy44LDEuMyw1LjcsMy4xLDUuNyw1LjJjMCwxLjUtMC42LDIuNy0xLjcsMy41Yy0xLjIsMC44LTIuOCwxLjMtNSwxLjNDNiwyNS40LDUsMjUuMyw0LDI1CiAgICAgICAgICAgIAlDMi45LDI0LjgsMi4xLDI0LjUsMS41LDI0LjEiLz4KICAgICAgICAgICAgPHBvbHlnb24gZmlsbD0iI0ZGRkZGRiIgcG9pbnRzPSIxNi4zLDI1IDE4LjUsMjUgMTguNSw4LjEgMTYuMyw4LjEgMTYuMywyNSAiLz4KICAgICAgICAgICAgPHBhdGggZmlsbD0iI0ZGRkZGRiIgZD0iTTE3LjQsMzAuM2MtMC41LDAtMC45LTAuMi0xLjItMC41Yy0wLjMtMC4zLTAuNS0wLjctMC41LTEuMnMwLjItMC45LDAuNS0xLjJjMC4zLTAuMywwLjctMC41LDEuMi0wLjUKICAgICAgICAgICAgCWMwLjQsMCwwLjgsMC4yLDEuMiwwLjVjMC4zLDAuMywwLjUsMC43LDAuNSwxLjJzLTAuMiwwLjktMC41LDEuMkMxOC4zLDMwLjEsMTcuOSwzMC4zLDE3LjQsMzAuM0wxNy40LDMwLjN6Ii8+CiAgICAgICAgICAgIDxwYXRoIGZpbGw9IiNGRkZGRkYiIGQ9Ik0xNy40LDYuMmMtMC41LDAtMC45LTAuMi0xLjItMC41Yy0wLjMtMC4zLTAuNS0wLjctMC41LTEuMnMwLjItMC45LDAuNS0xLjJjMC4zLTAuMywwLjctMC41LDEuMi0wLjUKICAgICAgICAgICAgCWMwLjQsMCwwLjgsMC4yLDEuMiwwLjVjMC4zLDAuMywwLjUsMC43LDAuNSwxLjJzLTAuMiwwLjktMC41LDEuMkMxOC4zLDYsMTcuOSw2LjIsMTcuNCw2LjJMMTcuNCw2LjJ6Ii8+CiAgICAgICAgICAgIDxwYXRoIGZpbGw9IiNGRkZGRkYiIGQ9Ik0zNS4zLDguMmwtMC41LDEuM2MtMS41LTEuMS0zLTEuNy00LjQtMS43Yy0xLjYsMC0zLDAuNC00LjIsMS4ycy0yLjEsMS45LTIuNywzLjJjLTAuNywxLjQtMSwyLjktMSw0LjYKICAgICAgICAgICAgCWMwLDIuNywwLjYsNC45LDIsNi41czMuMywyLjQsNS43LDIuNGMxLjYsMCwzLTAuNSw0LjMtMS41djMuMWMwLDEuMy0wLjUsMi4zLTEuNCwzYy0wLjksMC43LTIuMSwxLTMuNiwxYy0xLjEtMC4xLTItMC4yLTIuOC0wLjQKICAgICAgICAgICAgCWMtMC44LTAuMy0xLjYtMC42LTIuMy0wLjlsLTAuNywxLjZjMC43LDAuNCwxLjYsMC43LDIuOCwxczIuMiwwLjQsMywwLjRjMS40LDAsMi43LTAuMywzLjgtMC44YzEuMS0wLjUsMS45LTEuMiwyLjUtMi4xCiAgICAgICAgICAgIAljMC42LTAuOSwwLjktMS45LDAuOS0zdi0xOUwzNS4zLDguMnogTTM0LjUsMjEuOGMtMS4yLDEuMi0yLjcsMS44LTQuNCwxLjljLTEuOCwwLTMuMi0wLjYtNC4xLTEuOXMtMS40LTMtMS40LTUuMgogICAgICAgICAgICAJYzAuMS0yLjEsMC42LTMuOCwxLjUtNS4xYzAuOS0xLjMsMi4zLTIsNC4xLTJjMSwwLDEuNywwLjEsMi40LDAuNGMwLjcsMC4zLDEuMywwLjcsMS45LDEuMlYyMS44eiIvPgogICAgICAgICAgICA8cGF0aCBmaWxsPSIjRkZGRkZGIiBkPSJNNTMuNyw5LjFjMC45LDEsMS4zLDIuNCwxLjMsNC4xdjExLjdoLTIuMlYxMy42YzAtMi44LTEuMS00LjItMy4zLTQuMmMtMC45LDAtMS45LDAuMy0zLjEsMQogICAgICAgICAgICAJYy0xLjIsMC43LTIuMSwxLjUtMi45LDIuNXYxMmgtMi4yVjAuN2wyLjItMC4zdjEwLjJjMC43LTAuOCwxLjctMS41LDIuOS0yLjFzMi4zLTAuOSwzLjQtMC45QzUxLjUsNy42LDUyLjgsOC4xLDUzLjcsOS4xIi8+CiAgICAgICAgICAgIDxwYXRoIGZpbGw9IiNGRkZGRkYiIGQ9Ik02NSw4bDAuNywxLjZoLTMuOHYxMC42YzAsMC45LDAuMiwxLjYsMC42LDIuMWMwLjQsMC41LDEsMC44LDEuOCwwLjhjMC41LDAsMC45LTAuMSwxLjQtMC4zbDAuNCwxLjhsLTAuNywwLjIKICAgICAgICAgICAgCUM2NSwyNC45LDY0LjUsMjUsNjMuOCwyNWMtMS4zLDAtMi4zLTAuNC0zLTEuMmMtMC43LTAuOC0xLjEtMS45LTEuMS0zLjNWOS42aC0yLjVWOGgyLjVWMy42bDIuMi0wLjhWOEM2MS45LDgsNjUsOCw2NSw4eiIvPgogICAgICAgICAgICA8cGF0aCBmaWxsPSIjRkZGRkZGIiBkPSJNNzEuNCw3LjdjMC0wLjMtMC4yLTAuNS0wLjQtMC42YzAuMywwLDAuNS0wLjIsMC41LTAuNWMwLTAuMi0wLjEtMC40LTAuMi0wLjVjLTAuMi0wLjEtMC40LTAuMi0wLjgtMC4yCiAgICAgICAgICAgIAljLTAuMywwLTAuNiwwLTAuOSwwLjF2Mi4zaDAuNWMwLDAsMC0wLjktMC4xLTAuOWgwLjNjMC4zLDAsMC41LDAuMSwwLjUsMC40QzcwLjksOCw3MSw4LjMsNzEsOC4zaDAuNkM3MS41LDguMiw3MS41LDguMSw3MS40LDcuN3oKICAgICAgICAgICAgCSBNNzAuNCw3aC0wLjNWNi4zYzAuMSwwLDAuMiwwLDAuMywwYzAuMywwLDAuNSwwLjIsMC41LDAuNEM3MC45LDYuOSw3MC43LDcsNzAuNCw3eiIvPgogICAgICAgICAgICA8cGF0aCBmaWxsPSIjRkZGRkZGIiBkPSJNNzAuNSw0LjdjLTEuMywwLTIuNCwxLjEtMi40LDIuNGMwLDEuNCwxLDIuNCwyLjQsMi40YzEuMywwLDIuNC0xLjEsMi40LTIuNFM3MS44LDQuOCw3MC41LDQuN3ogTTcwLjQsOQogICAgICAgICAgICAJYy0xLDAtMS44LTAuOS0xLjgtMS45czAuOC0xLjksMS44LTEuOXMxLjgsMC45LDEuOCwxLjlDNzIuMiw4LjIsNzEuNCw5LDcwLjQsOXoiLz4KICAgICAgICAgICAgPC9zdmc+)",
    "backgroundPosition": "center center",
    "backgroundRepeat": "no-repeat",
    "display": "block",
    "height": "30px",
    "marginTop": "6px",
    "width": "75px",
  },
}
`;

exports[`SightLogoJSS matches the snapshot 1`] = `
ShallowWrapper {
  Symbol(enzyme.__root__): [Circular],
  Symbol(enzyme.__unrendered__): <Jss(SightLogo) />,
  Symbol(enzyme.__renderer__): Object {
    "batchedUpdates": [Function],
    "getNode": [Function],
    "render": [Function],
    "simulateError": [Function],
    "simulateEvent": [Function],
    "unmount": [Function],
  },
  Symbol(enzyme.__node__): Object {
    "instance": null,
    "key": undefined,
    "nodeType": "function",
    "props": Object {
      "classes": Object {
        "container": "SightLogo-container-0-1-1",
        "logo": "SightLogo-logo-0-1-2",
      },
    },
    "ref": null,
    "rendered": null,
    "type": [Function],
  },
  Symbol(enzyme.__nodes__): Array [
    Object {
      "instance": null,
      "key": undefined,
      "nodeType": "function",
      "props": Object {
        "classes": Object {
          "container": "SightLogo-container-0-1-1",
          "logo": "SightLogo-logo-0-1-2",
        },
      },
      "ref": null,
      "rendered": null,
      "type": [Function],
    },
  ],
  Symbol(enzyme.__options__): Object {
    "adapter": ReactSixteenAdapter {
      "options": Object {
        "enableComponentDidUpdateOnSetState": true,
        "lifecycles": Object {
          "componentDidUpdate": Object {
            "onSetState": true,
          },
          "getDerivedStateFromProps": true,
          "getSnapshotBeforeUpdate": true,
          "setState": Object {
            "skipsComponentDidUpdateOnNullish": true,
          },
        },
      },
    },
  },
}
`;
