// Jest Snapshot v1, https://goo.gl/fbAQLP

exports[`Button matches the snapshot 1`] = `
ReactWrapper {
  Symbol(enzyme.__renderer__): Object {
    "batchedUpdates": [Function],
    "getNode": [Function],
    "render": [Function],
    "simulateError": [Function],
    "simulateEvent": [Function],
    "unmount": [Function],
  },
  Symbol(enzyme.__root__): [Circular],
  Symbol(enzyme.__node__): Object {
    "instance": null,
    "key": undefined,
    "nodeType": "function",
    "props": Object {
      "block": false,
      "children": "Button",
      "disabled": false,
      "size": "sm",
      "theme": "primary",
    },
    "ref": null,
    "rendered": Object {
      "instance": <button
        class="btn-0-2-1 primary-0-2-4 primary-d0-0-2-21"
      >
        <span
          class="cont-0-2-2"
        >
          
          Button
          
        </span>
      </button>,
      "key": undefined,
      "nodeType": "host",
      "props": Object {
        "children": Array [
          <span
            className="cont-0-2-2"
          >
            
            Button
            
          </span>,
          null,
        ],
        "className": "btn-0-2-1 primary-0-2-4 primary-d0-0-2-21",
        "id": undefined,
        "onClick": undefined,
        "style": undefined,
      },
      "ref": null,
      "rendered": Array [
        Object {
          "instance": <span
            class="cont-0-2-2"
          >
            
            Button
            
          </span>,
          "key": undefined,
          "nodeType": "host",
          "props": Object {
            "children": Array [
              "",
              "Button",
              "",
            ],
            "className": "cont-0-2-2",
          },
          "ref": null,
          "rendered": Array [
            "",
            "Button",
            "",
          ],
          "type": "span",
        },
      ],
      "type": "button",
    },
    "type": [Function],
  },
  Symbol(enzyme.__nodes__): Array [
    Object {
      "instance": null,
      "key": undefined,
      "nodeType": "function",
      "props": Object {
        "block": false,
        "children": "Button",
        "disabled": false,
        "size": "sm",
        "theme": "primary",
      },
      "ref": null,
      "rendered": Object {
        "instance": <button
          class="btn-0-2-1 primary-0-2-4 primary-d0-0-2-21"
        >
          <span
            class="cont-0-2-2"
          >
            
            Button
            
          </span>
        </button>,
        "key": undefined,
        "nodeType": "host",
        "props": Object {
          "children": Array [
            <span
              className="cont-0-2-2"
            >
              
              Button
              
            </span>,
            null,
          ],
          "className": "btn-0-2-1 primary-0-2-4 primary-d0-0-2-21",
          "id": undefined,
          "onClick": undefined,
          "style": undefined,
        },
        "ref": null,
        "rendered": Array [
          Object {
            "instance": <span
              class="cont-0-2-2"
            >
              
              Button
              
            </span>,
            "key": undefined,
            "nodeType": "host",
            "props": Object {
              "children": Array [
                "",
                "Button",
                "",
              ],
              "className": "cont-0-2-2",
            },
            "ref": null,
            "rendered": Array [
              "",
              "Button",
              "",
            ],
            "type": "span",
          },
        ],
        "type": "button",
      },
      "type": [Function],
    },
  ],
  Symbol(enzyme.__options__): Object {
    "adapter": ReactSixteenAdapter {
      "options": Object {
        "enableComponentDidUpdateOnSetState": true,
        "lifecycles": Object {
          "componentDidUpdate": Object {
            "onSetState": true,
          },
          "getDerivedStateFromProps": true,
          "getSnapshotBeforeUpdate": true,
          "setState": Object {
            "skipsComponentDidUpdateOnNullish": true,
          },
        },
      },
    },
  },
  Symbol(enzyme.__linkedRoots__): Array [],
  Symbol(enzyme.__unrendered__): <Button
    block={false}
    disabled={false}
    size="sm"
    theme="primary"
  >
    Button
  </Button>,
  Symbol(enzyme.__updatedBy__): null,
}
`;
