// Jest Snapshot v1, https://goo.gl/fbAQLP

exports[`SlideDown matches the snapshot 1`] = `ShallowWrapper {}`;

exports[`SlideDown styles matches the snapshot 1`] = `
Object {
  "button": Object {
    "cursor": "pointer",
  },
  "buttonPadding": Object {
    "paddingLeft": "16px",
    "paddingRight": "16px",
  },
  "content": Object {
    "overflow": "hidden",
    "transform": "translateY(-10px)",
    "transition": "transform cubic-bezier(0.25,0.46,0.45,0.94) 0.2s",
  },
  "contentWrapper": Object {
    "display": "grid",
    "gridTemplateRows": "0fr",
    "opacity": 0,
    "transition": "grid-template-rows cubic-bezier(0.25,0.46,0.45,0.94) 0.2s 0.05s, opacity cubic-bezier(0.25,0.46,0.45,0.94) 0.2s",
  },
  "disabled": Object {
    "cursor": "not-allowed",
  },
  "divider": Object {
    "boxShadow": "inset 0 -1px 0px 0px #EDEDF1",
  },
  "flexContainer": Object {
    "gap": "16px",
  },
  "icon": Object {
    "transition": "rotate cubic-bezier(0.25,0.46,0.45,0.94) 0.2s",
  },
  "largePadding": Object {
    "paddingBottom": "16px",
    "paddingTop": "16px",
  },
  "leftIcon": Object {
    "marginRight": "8px",
  },
  "normalPadding": Object {
    "paddingBottom": "12px",
    "paddingTop": "12px",
  },
  "rotateIcon": Object {
    "transform": "rotate(-180deg)",
  },
  "showContent": Object {
    "marginBottom": "12px",
    "transform": "translateY(0px)",
    "transition": "transform cubic-bezier(0.25,0.46,0.45,0.94) 0.2s 0.05s",
  },
  "showContentWrapper": Object {
    "gridTemplateRows": "1fr",
    "opacity": 1,
    "transition": "grid-template-rows cubic-bezier(0.25,0.46,0.45,0.94) 0.2s, opacity cubic-bezier(0.25,0.46,0.45,0.94) 0.2s 0.05s",
  },
  "tag": Object {
    "marginLeft": "8px",
    "pointerEvents": "none",
  },
  "text": Object {
    "cursor": "pointer",
  },
  "wrapper": Object {},
}
`;

exports[`SlideDownJSS matches the snapshot 1`] = `ShallowWrapper {}`;
