// Jest Snapshot v1, https://goo.gl/fbAQLP

exports[`Visible matches the snapshot 1`] = `ShallowWrapper {}`;
